. . . . . . . . . . . . . . . . . . . . . . . . . . . . . . . . . . . . . . 
 . . . . . . . ⛢ ⛢ ⛢ ⛢ ⛢ ⛢ . . . . . . . . . . . . . . . . . . . . . . . . . 
. . . . . . . ⛢ . . . . . ⛢ . . . . . . . . . . . . . . . . . . . . . . . . 
 . . . . . . ⛢ . . . . . . ⛢ . . . . . . . . . . . . . . . . . . . . . . . . 
. . . . . . ⛢ . . ⚚ ⛢ ⛢ ⛢ ⛢ . . ⛢ ⛢ ⛢ ⛢ ⛢ ⛢ . . . . . . . . . . . . . . . . 
 . . . . . ⛢ . . . ⛢ . . . . . ⛢ . . . . . ⛢ . . . . . . . . . . . . . . . . 
. . . . . ⛢ . . ⚚ ⛢ . ⛢ ⛢ ⛢ ⛢ . ⛢ g . . . g ⛢ . . . . . . . . . . . . . . . 
 . . . . ⛢ . ⛢ ⛢ ⛢ . ⛢ . . g ⛢ . ⛢ . . . . . ⛢ . . . . . . . . . . . . . . . 
. . . . . + ⛢ . . . . ⛢ g . . ⛢ . ⛢ . . . . . ⛢ . . . . . . . . . . . . . . 
 . . . . . . . ⛢ ⛢ ⛢ . ⛢ . 1 . ⛢ . ⛢ . . 4 . . ⛢ . . . . . . . . . . . . . . 
. . . . . . . ⛢ . 2 ⛢ . ⛢ . . . ⛢ . ⛢ g . . . ⛢ . . . . . . . . . . . . . . 
 . . . . . . . ⛢ . . ⛢ . ⛢ g . . ⛢ . ⛢ . . g ⛢ . . . . . . . . . . . . . . . 
. . . . . . . . ⛢ ⛢ + . . ⛢ ⛢ ⛢ + . . + ⛢ ⛢ ⛢ . . . . . . . . . . . . . . . 
 . . . . . . . . . 3 . . . . . g . . . . . . . . . . . . . . . . . . . . . . 
. . . . . . . . . . . . . . . . . . . . . . . . . . . . . . . . . . . . . . 
 . . . . . . . . . . . . . . . . . . . . . . . . . . . . . . . . . . . . . . 
